#-----------------------------------------------------------
# Vivado v2020.2.2 (64-bit)
# SW Build 3118627 on Tue Feb  9 05:14:06 MST 2021
# IP Build 3115676 on Tue Feb  9 10:48:11 MST 2021
# Start of session at: Fri Jun  4 11:14:28 2021
# Process ID: 1164
# Current directory: E:/Xilinx_project/HDL_projects_for_digital_circuit_course/digital_circuit_course/Modulo-8_3-bit_Binary_Counter
# Command line: vivado.exe -gui_launcher_event rodinguilauncherevent1232 E:\Xilinx_project\HDL_projects_for_digital_circuit_course\digital_circuit_course\Modulo-8_3-bit_Binary_Counter\Modulo-8_3-bit_Binary_Counter.xpr
# Log file: E:/Xilinx_project/HDL_projects_for_digital_circuit_course/digital_circuit_course/Modulo-8_3-bit_Binary_Counter/vivado.log
# Journal file: E:/Xilinx_project/HDL_projects_for_digital_circuit_course/digital_circuit_course/Modulo-8_3-bit_Binary_Counter\vivado.jou
#-----------------------------------------------------------
start_gui
open_project E:/Xilinx_project/HDL_projects_for_digital_circuit_course/digital_circuit_course/Modulo-8_3-bit_Binary_Counter/Modulo-8_3-bit_Binary_Counter.xpr
