#-----------------------------------------------------------
# Vivado v2020.2 (64-bit)
# SW Build 3064766 on Wed Nov 18 09:12:45 MST 2020
# IP Build 3064653 on Wed Nov 18 14:17:31 MST 2020
# Start of session at: Fri May 14 08:37:23 2021
# Process ID: 6780
# Current directory: E:/Xilinx_project/HDL_projects_for_digital_circuit_course/Learning/count_down_timer
# Command line: vivado.exe -gui_launcher_event rodinguilauncherevent15624 E:\Xilinx_project\HDL_projects_for_digital_circuit_course\Learning\count_down_timer\count_down_timer.xpr
# Log file: E:/Xilinx_project/HDL_projects_for_digital_circuit_course/Learning/count_down_timer/vivado.log
# Journal file: E:/Xilinx_project/HDL_projects_for_digital_circuit_course/Learning/count_down_timer\vivado.jou
#-----------------------------------------------------------
start_gui
open_project E:/Xilinx_project/HDL_projects_for_digital_circuit_course/Learning/count_down_timer/count_down_timer.xpr
close [ open E:/Xilinx_project/HDL_projects_for_digital_circuit_course/Learning/count_down_timer/count_down_timer.srcs/sources_1/new/CLK_giver.vhd w ]
add_files E:/Xilinx_project/HDL_projects_for_digital_circuit_course/Learning/count_down_timer/count_down_timer.srcs/sources_1/new/CLK_giver.vhd
