#-----------------------------------------------------------
# Webtalk v2020.2 (64-bit)
# SW Build 3064766 on Wed Nov 18 09:12:45 MST 2020
# IP Build 3064653 on Wed Nov 18 14:17:31 MST 2020
# Start of session at: Sun Jun  6 20:40:10 2021
# Process ID: 13188
# Current directory: E:/Vivado/Code/digital_circuit_course/Modulo-8_3-bit_Binary_Counter/Modulo-8_3-bit_Binary_Counter.sim/sim_1/behav/xsim
# Command line: wbtcv.exe -mode batch -source E:/Vivado/Code/digital_circuit_course/Modulo-8_3-bit_Binary_Counter/Modulo-8_3-bit_Binary_Counter.sim/sim_1/behav/xsim/xsim.dir/counter_tb_behav/webtalk/xsim_webtalk.tcl -notrace
# Log file: E:/Vivado/Code/digital_circuit_course/Modulo-8_3-bit_Binary_Counter/Modulo-8_3-bit_Binary_Counter.sim/sim_1/behav/xsim/webtalk.log
# Journal file: E:/Vivado/Code/digital_circuit_course/Modulo-8_3-bit_Binary_Counter/Modulo-8_3-bit_Binary_Counter.sim/sim_1/behav/xsim\webtalk.jou
#-----------------------------------------------------------
source E:/Vivado/Code/digital_circuit_course/Modulo-8_3-bit_Binary_Counter/Modulo-8_3-bit_Binary_Counter.sim/sim_1/behav/xsim/xsim.dir/counter_tb_behav/webtalk/xsim_webtalk.tcl -notrace
